// Jest Snapshot v1, https://goo.gl/fbAQLP

exports[`matches snapshot 1`] = `
<DocumentFragment>
  <div
    class="SearchForm mb-4"
  >
    <form
      class="form-inline"
    >
      <input
        class="form-control form-control-lg flex-grow-1"
        name="searchTerm"
        placeholder="Apple..."
        type="text"
        value=""
      />
      <button
        class="MuiButtonBase-root MuiButton-root MuiButton-outlined MuiButton-outlinedPrimary MuiButton-sizeSmall MuiButton-outlinedSizeSmall MuiButton-root MuiButton-outlined MuiButton-outlinedPrimary MuiButton-sizeSmall MuiButton-outlinedSizeSmall css-1k23hlb-MuiButtonBase-root-MuiButton-root"
        tabindex="0"
        type="submit"
      >
        Submit
        <span
          class="MuiTouchRipple-root css-8je8zh-MuiTouchRipple-root"
        />
      </button>
    </form>
  </div>
</DocumentFragment>
`;
